// Vitest Snapshot v1

exports[`game-status > creatNewGameNotStarted 1`] = `
{
  "_type": "GAME_NOT_STARTED",
  "board": "None()",
  "currentPlayer": "None()",
  "players": "None()",
  "winner": "None()",
}
`;

exports[`game-status > createNewGameOver (P1 winner) 1`] = `
{
  "_type": "GAME_OVER",
  "board": "Some({\\"top\\":[[{\\"value\\":\\"None()\\",\\"enabled\\":false,\\"id\\":\\"0-0\\"},{\\"value\\":\\"None()\\",\\"enabled\\":false,\\"id\\":\\"0-1\\"},{\\"value\\":\\"None()\\",\\"enabled\\":true,\\"id\\":\\"0-2\\"}],[{\\"value\\":\\"None()\\",\\"enabled\\":false,\\"id\\":\\"1-0\\"},{\\"value\\":\\"None()\\",\\"enabled\\":false,\\"id\\":\\"1-1\\"},{\\"value\\":\\"None()\\",\\"enabled\\":true,\\"id\\":\\"1-2\\"}],[{\\"value\\":\\"None()\\",\\"enabled\\":false,\\"id\\":\\"2-0\\"},{\\"value\\":\\"None()\\",\\"enabled\\":false,\\"id\\":\\"2-1\\"},{\\"value\\":\\"None()\\",\\"enabled\\":true,\\"id\\":\\"2-2\\"}]],\\"bottom\\":[[{\\"value\\":\\"None()\\",\\"enabled\\":true,\\"id\\":\\"0-0\\"},{\\"value\\":\\"None()\\",\\"enabled\\":false,\\"id\\":\\"0-1\\"},{\\"value\\":\\"None()\\",\\"enabled\\":false,\\"id\\":\\"0-2\\"}],[{\\"value\\":\\"None()\\",\\"enabled\\":true,\\"id\\":\\"1-0\\"},{\\"value\\":\\"None()\\",\\"enabled\\":false,\\"id\\":\\"1-1\\"},{\\"value\\":\\"None()\\",\\"enabled\\":false,\\"id\\":\\"1-2\\"}],[{\\"value\\":\\"None()\\",\\"enabled\\":true,\\"id\\":\\"2-0\\"},{\\"value\\":\\"None()\\",\\"enabled\\":false,\\"id\\":\\"2-1\\"},{\\"value\\":\\"None()\\",\\"enabled\\":false,\\"id\\":\\"2-2\\"}]]})",
  "currentPlayer": "None()",
  "players": "Some({\\"top\\":\\"player2\\",\\"bottom\\":\\"player1\\"})",
  "winner": "Some(\\"bottom\\")",
}
`;

exports[`game-status > createNewGameOver (P2 winner) 1`] = `
{
  "_type": "GAME_OVER",
  "board": "Some({\\"top\\":[[{\\"value\\":\\"None()\\",\\"enabled\\":false,\\"id\\":\\"0-0\\"},{\\"value\\":\\"None()\\",\\"enabled\\":false,\\"id\\":\\"0-1\\"},{\\"value\\":\\"None()\\",\\"enabled\\":true,\\"id\\":\\"0-2\\"}],[{\\"value\\":\\"None()\\",\\"enabled\\":false,\\"id\\":\\"1-0\\"},{\\"value\\":\\"None()\\",\\"enabled\\":false,\\"id\\":\\"1-1\\"},{\\"value\\":\\"None()\\",\\"enabled\\":true,\\"id\\":\\"1-2\\"}],[{\\"value\\":\\"None()\\",\\"enabled\\":false,\\"id\\":\\"2-0\\"},{\\"value\\":\\"None()\\",\\"enabled\\":false,\\"id\\":\\"2-1\\"},{\\"value\\":\\"None()\\",\\"enabled\\":true,\\"id\\":\\"2-2\\"}]],\\"bottom\\":[[{\\"value\\":\\"None()\\",\\"enabled\\":true,\\"id\\":\\"0-0\\"},{\\"value\\":\\"None()\\",\\"enabled\\":false,\\"id\\":\\"0-1\\"},{\\"value\\":\\"None()\\",\\"enabled\\":false,\\"id\\":\\"0-2\\"}],[{\\"value\\":\\"None()\\",\\"enabled\\":true,\\"id\\":\\"1-0\\"},{\\"value\\":\\"None()\\",\\"enabled\\":false,\\"id\\":\\"1-1\\"},{\\"value\\":\\"None()\\",\\"enabled\\":false,\\"id\\":\\"1-2\\"}],[{\\"value\\":\\"None()\\",\\"enabled\\":true,\\"id\\":\\"2-0\\"},{\\"value\\":\\"None()\\",\\"enabled\\":false,\\"id\\":\\"2-1\\"},{\\"value\\":\\"None()\\",\\"enabled\\":false,\\"id\\":\\"2-2\\"}]]})",
  "currentPlayer": "None()",
  "players": "Some({\\"top\\":\\"player2\\",\\"bottom\\":\\"player1\\"})",
  "winner": "Some(\\"top\\")",
}
`;

exports[`game-status > createNewGameRunning 1`] = `
{
  "_type": "GAME_RUNNING",
  "board": "Some({\\"top\\":[[{\\"value\\":\\"None()\\",\\"enabled\\":false,\\"id\\":\\"0-0\\"},{\\"value\\":\\"None()\\",\\"enabled\\":false,\\"id\\":\\"0-1\\"},{\\"value\\":\\"None()\\",\\"enabled\\":true,\\"id\\":\\"0-2\\"}],[{\\"value\\":\\"None()\\",\\"enabled\\":false,\\"id\\":\\"1-0\\"},{\\"value\\":\\"None()\\",\\"enabled\\":false,\\"id\\":\\"1-1\\"},{\\"value\\":\\"None()\\",\\"enabled\\":true,\\"id\\":\\"1-2\\"}],[{\\"value\\":\\"None()\\",\\"enabled\\":false,\\"id\\":\\"2-0\\"},{\\"value\\":\\"None()\\",\\"enabled\\":false,\\"id\\":\\"2-1\\"},{\\"value\\":\\"None()\\",\\"enabled\\":true,\\"id\\":\\"2-2\\"}]],\\"bottom\\":[[{\\"value\\":\\"None()\\",\\"enabled\\":true,\\"id\\":\\"0-0\\"},{\\"value\\":\\"None()\\",\\"enabled\\":false,\\"id\\":\\"0-1\\"},{\\"value\\":\\"None()\\",\\"enabled\\":false,\\"id\\":\\"0-2\\"}],[{\\"value\\":\\"None()\\",\\"enabled\\":true,\\"id\\":\\"1-0\\"},{\\"value\\":\\"None()\\",\\"enabled\\":false,\\"id\\":\\"1-1\\"},{\\"value\\":\\"None()\\",\\"enabled\\":false,\\"id\\":\\"1-2\\"}],[{\\"value\\":\\"None()\\",\\"enabled\\":true,\\"id\\":\\"2-0\\"},{\\"value\\":\\"None()\\",\\"enabled\\":false,\\"id\\":\\"2-1\\"},{\\"value\\":\\"None()\\",\\"enabled\\":false,\\"id\\":\\"2-2\\"}]]})",
  "currentPlayer": "Some(\\"bottom\\")",
  "players": "Some({\\"top\\":\\"player2\\",\\"bottom\\":\\"player1\\"})",
  "winner": "None()",
}
`;
