// Vitest Snapshot v1

exports[`Game logic > a new game has an empty board 1`] = `"None()"`;

exports[`Game logic > bottom player can make a move 1`] = `"Some({\\"top\\":[[{\\"value\\":\\"None()\\",\\"enabled\\":false,\\"id\\":\\"0-0\\"},{\\"value\\":\\"None()\\",\\"enabled\\":false,\\"id\\":\\"0-1\\"},{\\"value\\":\\"None()\\",\\"enabled\\":false,\\"id\\":\\"0-2\\"}],[{\\"value\\":\\"None()\\",\\"enabled\\":false,\\"id\\":\\"1-0\\"},{\\"value\\":\\"None()\\",\\"enabled\\":false,\\"id\\":\\"1-1\\"},{\\"value\\":\\"None()\\",\\"enabled\\":false,\\"id\\":\\"1-2\\"}],[{\\"value\\":\\"None()\\",\\"enabled\\":true,\\"id\\":\\"2-0\\"},{\\"value\\":\\"None()\\",\\"enabled\\":true,\\"id\\":\\"2-1\\"},{\\"value\\":\\"None()\\",\\"enabled\\":true,\\"id\\":\\"2-2\\"}]],\\"bottom\\":[[{\\"value\\":\\"None()\\",\\"enabled\\":true,\\"id\\":\\"0-0\\"},{\\"value\\":\\"None()\\",\\"enabled\\":true,\\"id\\":\\"0-1\\"},{\\"value\\":\\"Some(3)\\",\\"enabled\\":false,\\"id\\":\\"0-2\\"}],[{\\"value\\":\\"None()\\",\\"enabled\\":false,\\"id\\":\\"1-0\\"},{\\"value\\":\\"None()\\",\\"enabled\\":false,\\"id\\":\\"1-1\\"},{\\"value\\":\\"None()\\",\\"enabled\\":false,\\"id\\":\\"1-2\\"}],[{\\"value\\":\\"None()\\",\\"enabled\\":false,\\"id\\":\\"2-0\\"},{\\"value\\":\\"None()\\",\\"enabled\\":false,\\"id\\":\\"2-1\\"},{\\"value\\":\\"None()\\",\\"enabled\\":false,\\"id\\":\\"2-2\\"}]]})"`;

exports[`Game logic > top player can make a move 1`] = `"Some({\\"top\\":[[{\\"value\\":\\"None()\\",\\"enabled\\":false,\\"id\\":\\"0-0\\"},{\\"value\\":\\"None()\\",\\"enabled\\":false,\\"id\\":\\"0-1\\"},{\\"value\\":\\"None()\\",\\"enabled\\":false,\\"id\\":\\"0-2\\"}],[{\\"value\\":\\"None()\\",\\"enabled\\":false,\\"id\\":\\"1-0\\"},{\\"value\\":\\"None()\\",\\"enabled\\":false,\\"id\\":\\"1-1\\"},{\\"value\\":\\"None()\\",\\"enabled\\":false,\\"id\\":\\"1-2\\"}],[{\\"value\\":\\"None()\\",\\"enabled\\":true,\\"id\\":\\"2-0\\"},{\\"value\\":\\"Some(3)\\",\\"enabled\\":false,\\"id\\":\\"2-1\\"},{\\"value\\":\\"None()\\",\\"enabled\\":true,\\"id\\":\\"2-2\\"}]],\\"bottom\\":[[{\\"value\\":\\"None()\\",\\"enabled\\":true,\\"id\\":\\"0-0\\"},{\\"value\\":\\"None()\\",\\"enabled\\":true,\\"id\\":\\"0-1\\"},{\\"value\\":\\"None()\\",\\"enabled\\":true,\\"id\\":\\"0-2\\"}],[{\\"value\\":\\"None()\\",\\"enabled\\":false,\\"id\\":\\"1-0\\"},{\\"value\\":\\"None()\\",\\"enabled\\":false,\\"id\\":\\"1-1\\"},{\\"value\\":\\"None()\\",\\"enabled\\":false,\\"id\\":\\"1-2\\"}],[{\\"value\\":\\"None()\\",\\"enabled\\":false,\\"id\\":\\"2-0\\"},{\\"value\\":\\"None()\\",\\"enabled\\":false,\\"id\\":\\"2-1\\"},{\\"value\\":\\"None()\\",\\"enabled\\":false,\\"id\\":\\"2-2\\"}]]})"`;

exports[`Game logic > you can start a new game 1`] = `"Some({\\"top\\":[[{\\"value\\":\\"None()\\",\\"enabled\\":false,\\"id\\":\\"0-0\\"},{\\"value\\":\\"None()\\",\\"enabled\\":false,\\"id\\":\\"0-1\\"},{\\"value\\":\\"None()\\",\\"enabled\\":false,\\"id\\":\\"0-2\\"}],[{\\"value\\":\\"None()\\",\\"enabled\\":false,\\"id\\":\\"1-0\\"},{\\"value\\":\\"None()\\",\\"enabled\\":false,\\"id\\":\\"1-1\\"},{\\"value\\":\\"None()\\",\\"enabled\\":false,\\"id\\":\\"1-2\\"}],[{\\"value\\":\\"None()\\",\\"enabled\\":true,\\"id\\":\\"2-0\\"},{\\"value\\":\\"None()\\",\\"enabled\\":true,\\"id\\":\\"2-1\\"},{\\"value\\":\\"None()\\",\\"enabled\\":true,\\"id\\":\\"2-2\\"}]],\\"bottom\\":[[{\\"value\\":\\"None()\\",\\"enabled\\":true,\\"id\\":\\"0-0\\"},{\\"value\\":\\"None()\\",\\"enabled\\":true,\\"id\\":\\"0-1\\"},{\\"value\\":\\"None()\\",\\"enabled\\":true,\\"id\\":\\"0-2\\"}],[{\\"value\\":\\"None()\\",\\"enabled\\":false,\\"id\\":\\"1-0\\"},{\\"value\\":\\"None()\\",\\"enabled\\":false,\\"id\\":\\"1-1\\"},{\\"value\\":\\"None()\\",\\"enabled\\":false,\\"id\\":\\"1-2\\"}],[{\\"value\\":\\"None()\\",\\"enabled\\":false,\\"id\\":\\"2-0\\"},{\\"value\\":\\"None()\\",\\"enabled\\":false,\\"id\\":\\"2-1\\"},{\\"value\\":\\"None()\\",\\"enabled\\":false,\\"id\\":\\"2-2\\"}]]})"`;
